PS C:\Users\Jewel\Desktop\html-css> git add .
PS C:\Users\Jewel\Desktop\html-css> git commit -m "Added 3 files - html, css, js"
[main 8dcdfcf] Added 3 files - html, css, js
 4 files changed, 155 insertions(+), 2 deletions(-)
 create mode 100644 git-log.txt
 create mode 100644 index.js
 create mode 100644 style.css
PS C:\Users\Jewel\Desktop\html-css> git push -u origin main
Enumerating objects: 8, done.
Counting objects: 100% (8/8), done.
Delta compression using up to 12 threads
Compressing objects: 100% (5/5), done.
Writing objects: 100% (6/6), 1.62 KiB | 552.00 KiB/s, done.
Total 6 (delta 0), reused 0 (delta 0), pack-reused 0
To https://github.com/JewelShahi/html-css.git
   3760b3a..8dcdfcf  main -> main
branch 'main' set up to track 'origin/main'.

PS C:\Users\Jewel\Desktop\html-css> git log
commit 62534d16772492f58f0d6c10e7d058a62cb612e6 (HEAD -> main, origin/main)
Author: JoeTheBest <jewelshahi10@gmail.com>
Date:   Fri Feb 21 09:16:31 2025 +0200

    new things added

commit 8473ebb4ec77f81aaa59a47e125935aeddd732ff
Author: JoeTheBest <jewelshahi10@gmail.com>
Date:   Fri Feb 14 08:53:45 2025 +0200
: